[reactheme.com/products/html/most/index.html]
[backblue.gif]
[fade.gif]
[index.html]
[reactheme.com/products/html/most/assets/images/favicon.png]
[reactheme.com/products/html/most/assets/css/vendor/bootstrap.min.css]
[reactheme.com/products/html/most/assets/css/vendor/fontawesome-5.css]
[reactheme.com/products/html/most/assets/css/vendor/magnific-popup.css]
[reactheme.com/products/html/most/assets/css/vendor/plyr.css]
[reactheme.com/products/html/most/assets/css/vendor/socicon.css]
[reactheme.com/products/html/most/assets/css/vendor/swiper.min.css]
[reactheme.com/products/html/most/index-2.html]
[reactheme.com/products/html/most/assets/css/style.css]
[reactheme.com/products/html/most/assets/images/logo/logo-dark.svg]
[reactheme.com/products/html/most/index-two.html]
[reactheme.com/products/html/most/index-three.html]
[reactheme.com/products/html/most/index-four.html]
[reactheme.com/products/html/most/index-five.html]
[reactheme.com/products/html/most/index-six.html]
[reactheme.com/products/html/most/blog-right-sidebar.html]
[reactheme.com/products/html/most/blog-card.html]
[reactheme.com/products/html/most/blog-list-left.html]
[reactheme.com/products/html/most/blog-list-random.html]
[reactheme.com/products/html/most/blog-list-right.html]
[reactheme.com/products/html/most/blog-single.html]
[reactheme.com/products/html/most/project-list-style.html]
[reactheme.com/products/html/most/project-standard.html]
[reactheme.com/products/html/most/project-style-1.html]
[reactheme.com/products/html/most/project-style-2.html]
[reactheme.com/products/html/most/project-masonary.html]
[reactheme.com/products/html/most/project-single.html]
[reactheme.com/products/html/most/about.html]
[reactheme.com/products/html/most/team-page.html]
[reactheme.com/products/html/most/image-gallery.html]
[reactheme.com/products/html/most/services.html]
[reactheme.com/products/html/most/error.html]
[reactheme.com/products/html/most/contact.html]
[reactheme.com/products/html/most/shop.html]
[reactheme.com/products/html/most/single-product.html]
[reactheme.com/products/html/most/cart.html]
[reactheme.com/products/html/most/checkout.html]
[reactheme.com/products/html/most/account.html]
[reactheme.com/products/html/most/assets/images/slider/most_slide_1.jpg]
[reactheme.com/products/html/most/assets/images/slider/most_slide_2.jpg]
[reactheme.com/products/html/most/assets/images/slider/video.mp4]
[reactheme.com/products/html/most/assets/js/vendor/jquery.min.js]
[reactheme.com/products/html/most/assets/js/vendor/fslightbox.js]
[reactheme.com/products/html/most/assets/js/vendor/gsap.min.js]
[reactheme.com/products/html/most/assets/js/vendor/isotope.pkgd.min.js]
[reactheme.com/products/html/most/assets/js/vendor/imagesloaded.pkgd.min.js]
[reactheme.com/products/html/most/assets/js/vendor/jarallax-video.min.js]
[reactheme.com/products/html/most/assets/js/vendor/jarallax.min.js]
[reactheme.com/products/html/most/assets/js/vendor/jquery.justifiedGallery.min.js]
[reactheme.com/products/html/most/assets/js/vendor/modernizr.js]
[reactheme.com/products/html/most/assets/js/vendor/plyr.js]
[reactheme.com/products/html/most/assets/js/vendor/bootstrap.min.js]
[reactheme.com/products/html/most/assets/js/vendor/swiper-bundle.min.js]
[reactheme.com/products/html/most/assets/js/vendor/video-background.js]
[reactheme.com/products/html/most/index.html]
[reactheme.com/products/html/most/assets/css/vendor/bootstrap.min.css]
[reactheme.com/products/html/most/assets/js/main.js]
[reactheme.com/products/html/most/assets/fonts/fa-brands-400.eot]
[reactheme.com/products/html/most/assets/fonts/fa-brands-400d41d.eot]
[reactheme.com/products/html/most/assets/fonts/fa-brands-400.woff2]
[reactheme.com/products/html/most/assets/fonts/fa-brands-400.woff]
[reactheme.com/products/html/most/assets/fonts/fa-brands-400.ttf]
[reactheme.com/products/html/most/assets/fonts/fa-duotone-900.eot]
[reactheme.com/products/html/most/assets/fonts/fa-duotone-900d41d.eot]
[reactheme.com/products/html/most/assets/fonts/fa-brands-400.svg]
[reactheme.com/products/html/most/assets/fonts/fa-duotone-900.woff2]
[reactheme.com/products/html/most/assets/fonts/fa-duotone-900.woff]
[reactheme.com/products/html/most/assets/fonts/fa-duotone-900.ttf]
[reactheme.com/products/html/most/assets/fonts/fa-light-300.eot]
[reactheme.com/products/html/most/assets/fonts/fa-duotone-900.svg]
[reactheme.com/products/html/most/assets/fonts/fa-light-300d41d.eot]
[reactheme.com/products/html/most/assets/fonts/fa-light-300.woff2]
[reactheme.com/products/html/most/assets/fonts/fa-light-300.woff]
[reactheme.com/products/html/most/assets/fonts/fa-light-300.ttf]
[reactheme.com/products/html/most/assets/fonts/fa-regular-400.eot]
[reactheme.com/products/html/most/assets/fonts/fa-regular-400d41d.eot]
[reactheme.com/products/html/most/assets/fonts/fa-light-300.svg]
[reactheme.com/products/html/most/assets/fonts/fa-regular-400.woff2]
[reactheme.com/products/html/most/assets/fonts/fa-regular-400.woff]
[reactheme.com/products/html/most/assets/fonts/fa-regular-400.ttf]
[reactheme.com/products/html/most/assets/fonts/fa-solid-900.eot]
[reactheme.com/products/html/most/assets/fonts/fa-solid-900d41d.eot]
[reactheme.com/products/html/most/assets/fonts/fa-regular-400.svg]
[reactheme.com/products/html/most/assets/fonts/fa-solid-900.woff2]
[reactheme.com/products/html/most/assets/fonts/fa-solid-900.woff]
[reactheme.com/products/html/most/assets/fonts/fa-solid-900.ttf]
[reactheme.com/products/html/most/assets/css/vendor/fontawesome-5.css]
[reactheme.com/products/html/most/assets/css/vendor/magnific-popup.css]
[reactheme.com/products/html/most/assets/css/vendor/plyr.css]
[reactheme.com/products/html/most/assets/fonts/Socicon2a7a.eot]
[reactheme.com/products/html/most/assets/fonts/Socicon2a7a.woff2]
[reactheme.com/products/html/most/assets/fonts/Socicon2a7a.ttf]
[reactheme.com/products/html/most/assets/fonts/fa-solid-900.svg]
[reactheme.com/products/html/most/assets/fonts/Socicon2a7a.woff]
[reactheme.com/products/html/most/assets/css/vendor/socicon.css]
[reactheme.com/products/html/most/assets/css/vendor/swiper.min.css]
[reactheme.com/products/html/most/assets/images/portfolio/most_personal_bg.png]
[reactheme.com/products/html/most/assets/fonts/Socicon2a7a.svg]
[reactheme.com/products/html/most/assets/images/bg/creative-1.jpg]
[reactheme.com/products/html/most/assets/images/bg/grid-bg.png]
[reactheme.com/products/html/most/assets/images/bg/girl.jpg]
[reactheme.com/products/html/most/assets/images/bg/elipse-bg.svg]
[reactheme.com/products/html/most/assets/images/shop/plus.svg]
[reactheme.com/products/html/most/assets/images/shop/shop-sm03.jpg]
[reactheme.com/products/html/most/assets/images/shop/shop-sm01.jpg]
[reactheme.com/products/html/most/assets/images/shop/shop-sm02.jpg]
[reactheme.com/products/html/most/assets/css/style.css]
[reactheme.com/products/html/most/index-2.html]
[reactheme.com/products/html/most/assets/images/logo/logo-dark.svg]
[reactheme.com/products/html/most/assets/images/logo/logo-light.svg]
[reactheme.com/products/html/most/assets/images/portfolio/01.jpg]
[reactheme.com/products/html/most/assets/images/portfolio/02.jpg]
[reactheme.com/products/html/most/assets/images/portfolio/03.jpg]
[reactheme.com/products/html/most/assets/images/portfolio/04.jpg]
[reactheme.com/products/html/most/assets/images/portfolio/05.jpg]
[reactheme.com/products/html/most/assets/images/portfolio/06.jpg]
[reactheme.com/products/html/most/assets/images/portfolio/07.png]
[reactheme.com/products/html/most/assets/images/portfolio/08.jpg]
[reactheme.com/products/html/most/assets/images/portfolio/09.jpg]
[reactheme.com/products/html/most/index-two.html]
[reactheme.com/products/html/most/assets/images/portfolio/most-hero.png]
[reactheme.com/products/html/most/index-three.html]
[reactheme.com/products/html/most/assets/images/portfolio/personal-cv.jpg]
[reactheme.com/products/html/most/assets/images/services/icon/code-1.svg]
[reactheme.com/products/html/most/assets/images/services/icon/code-2.svg]
[reactheme.com/products/html/most/assets/images/services/icon/code-3.svg]
[reactheme.com/products/html/most/assets/images/services/icon/code-4.svg]
[reactheme.com/products/html/most/assets/images/clients/logo-partner-1.png]
[reactheme.com/products/html/most/assets/images/clients/logo-partner-2.png]
[reactheme.com/products/html/most/assets/images/clients/logo-partner-3.png]
[reactheme.com/products/html/most/assets/images/clients/logo-partner-4.png]
[reactheme.com/products/html/most/assets/images/clients/logo-partner-5.png]
[reactheme.com/products/html/most/assets/images/clients/logo-partner-6.png]
[reactheme.com/products/html/most/assets/images/clients/logo-partner-7.png]
[reactheme.com/products/html/most/assets/images/clients/logo-partner-8.png]
[reactheme.com/products/html/most/assets/images/clients/logo-partner-9.png]
[reactheme.com/products/html/most/index-four.html]
[reactheme.com/products/html/most/assets/images/portfolio/creative-img.jpg]
[reactheme.com/products/html/most/assets/images/services/icon/code-5.svg]
[reactheme.com/products/html/most/assets/images/services/icon/code-6.svg]
[reactheme.com/products/html/most/index-five.html]
[reactheme.com/products/html/most/assets/images/slider/Demo-Reel.mp4]
[reactheme.com/products/html/most/assets/images/testimonial/avatar-1.png]
[reactheme.com/products/html/most/assets/images/testimonial/avatar-2.png]
[reactheme.com/products/html/most/assets/images/testimonial/avatar-3.png]
[reactheme.com/products/html/most/assets/images/blog/blog-1.jpg]
[reactheme.com/products/html/most/assets/images/blog/author.png]
[reactheme.com/products/html/most/assets/images/blog/blog-2.jpg]
[reactheme.com/products/html/most/assets/images/blog/blog-3.jpg]
[reactheme.com/products/html/most/index-six.html]
[reactheme.com/products/html/most/assets/images/blog/blog-4.jpg]
[reactheme.com/products/html/most/blog-single.html0]
[reactheme.com/products/html/most/assets/images/blog/blog-sm1.jpg]
[reactheme.com/products/html/most/assets/images/blog/blog-sm2.jpg]
[reactheme.com/products/html/most/assets/images/blog/blog-sm3.jpg]
[reactheme.com/products/html/most/assets/images/blog/blog-sm4.jpg]
[reactheme.com/products/html/most/assets/images/blog/blog-sm5.jpg]
[reactheme.com/products/html/most/blog-right-sidebar.html]
[reactheme.com/products/html/most/assets/images/blog/blog-5.jpg]
[reactheme.com/products/html/most/assets/images/blog/blog-6.jpg]
[reactheme.com/products/html/most/blog-card.html]
[reactheme.com/products/html/most/blog-list-left.html]
[reactheme.com/products/html/most/blog-list-random.html]
[reactheme.com/products/html/most/blog-list-right.html]
[reactheme.com/products/html/most/assets/images/blog/author-sm.png]
[reactheme.com/products/html/most/assets/images/blog/blog-sm6.jpg]
[reactheme.com/products/html/most/assets/images/blog/blog-sm7.jpg]
[reactheme.com/products/html/most/blog-single.html]
[reactheme.com/products/html/most/assets/images/slider/Whisper.mp4]
[reactheme.com/products/html/most/assets/images/portfolio/sm-01.jpg]
[reactheme.com/products/html/most/assets/images/portfolio/sm-02.jpg]
[reactheme.com/products/html/most/assets/images/portfolio/sm-03.jpg]
[reactheme.com/products/html/most/assets/images/portfolio/sm-04.jpg]
[reactheme.com/products/html/most/assets/images/portfolio/sm-05.jpg]
[reactheme.com/products/html/most/assets/images/portfolio/sm-06.jpg]
[reactheme.com/products/html/most/project-list-style.html]
[reactheme.com/products/html/most/project-standard.html]
[reactheme.com/products/html/most/project-style-1.html]
[reactheme.com/products/html/most/project-style-2.html]
[reactheme.com/products/html/most/project-masonary.html]
[reactheme.com/products/html/most/assets/images/slider/most_slide_sm3.jpg]
[reactheme.com/products/html/most/assets/images/slider/most_slide_sm4.jpg]
[reactheme.com/products/html/most/assets/images/slider/most_slide_sm1.jpg]
[reactheme.com/products/html/most/assets/images/slider/most_slide_sm2.jpg]
[reactheme.com/products/html/most/project-single.html]
[reactheme.com/products/html/most/assets/images/about/about-us.png]
[reactheme.com/products/html/most/assets/images/team/team-01.jpg]
[reactheme.com/products/html/most/assets/images/team/team-02.jpg]
[reactheme.com/products/html/most/assets/images/team/team-03.jpg]
[reactheme.com/products/html/most/assets/images/team/team-04.jpg]
[reactheme.com/products/html/most/assets/images/team/team-05.jpg]
[reactheme.com/products/html/most/assets/images/team/team-06.jpg]
[reactheme.com/products/html/most/about.html]
[reactheme.com/products/html/most/team-page.html]
[reactheme.com/products/html/most/assets/images/blog/blog-8.jpg]
[reactheme.com/products/html/most/assets/images/blog/blog-7.jpg]
[reactheme.com/products/html/most/assets/images/blog/blog-9.jpg]
[reactheme.com/products/html/most/assets/images/blog/blog-10.jpg]
[reactheme.com/products/html/most/image-gallery.html]
[reactheme.com/products/html/most/services.html]
[reactheme.com/products/html/most/error.html]
[reactheme.com/products/html/most/contact.html]
[reactheme.com/products/html/most/assets/images/shop/shop-sm04.jpg]
[reactheme.com/products/html/most/assets/images/shop/shop-01.jpg]
[reactheme.com/products/html/most/assets/images/shop/shop-02.jpg]
[reactheme.com/products/html/most/assets/images/shop/shop-03.jpg]
[reactheme.com/products/html/most/assets/images/shop/shop-04.jpg]
[reactheme.com/products/html/most/assets/images/shop/shop-05.jpg]
[reactheme.com/products/html/most/assets/images/shop/shop-06.jpg]
[reactheme.com/products/html/most/assets/images/shop/shop-sm07.jpg]
[reactheme.com/products/html/most/assets/images/shop/shop-sm06.jpg]
[reactheme.com/products/html/most/assets/images/shop/shop-sm05.jpg]
[reactheme.com/products/html/most/shop.html]
[reactheme.com/products/html/most/single-product.html]
[reactheme.com/products/html/most/cart.html]
[reactheme.com/products/html/most/checkout.html]
[reactheme.com/products/html/most/account.html]
[reactheme.com/products/html/most/assets/fonts/fa-brands-400.svg]
[reactheme.com/products/html/most/assets/fonts/fa-duotone-900.svg]
[reactheme.com/products/html/most/assets/fonts/fa-light-300.svg]
[reactheme.com/products/html/most/assets/fonts/fa-regular-400.svg]
[reactheme.com/products/html/most/assets/fonts/fa-solid-900.svg]
[reactheme.com/products/html/most/assets/fonts/Socicon2a7a.svg]
[reactheme.com/products/html/most/assets/images/bg/elipse-bg.svg]
[reactheme.com/products/html/most/assets/images/shop/plus.svg]
[reactheme.com/products/html/most/assets/images/logo/logo-light.svg]
[reactheme.com/products/html/most/assets/images/services/icon/code-1.svg]
[reactheme.com/products/html/most/assets/images/services/icon/code-2.svg]
[reactheme.com/products/html/most/assets/images/services/icon/code-3.svg]
[reactheme.com/products/html/most/assets/images/services/icon/code-4.svg]
[reactheme.com/products/html/most/assets/images/services/icon/code-5.svg]
[reactheme.com/products/html/most/assets/images/services/icon/code-6.svg]
[reactheme.com/products/html/most/blog-single-2.html]
