[new.axilthemes.com/demo/template/blogar/index.html]
[backblue.gif]
[fade.gif]
[index.html]
[new.axilthemes.com/demo/template/blogar/assets/images/favicon.png]
[new.axilthemes.com/demo/template/blogar/assets/css/vendor/bootstrap.min.css]
[new.axilthemes.com/demo/template/blogar/assets/css/vendor/font-awesome.css]
[new.axilthemes.com/demo/template/blogar/assets/css/style.css]
[new.axilthemes.com/demo/template/blogar/index-2.html]
[new.axilthemes.com/demo/template/blogar/assets/images/logo/logo-black.png]
[new.axilthemes.com/demo/template/blogar/assets/images/logo/logo-white2.png]
[new.axilthemes.com/demo/template/blogar/home-creative-blog.html]
[new.axilthemes.com/demo/template/blogar/home-seo-blog.html]
[new.axilthemes.com/demo/template/blogar/home-tech-blog.html]
[new.axilthemes.com/demo/template/blogar/home-lifestyle-blog.html]
[new.axilthemes.com/demo/template/blogar/post-format-standard.html]
[new.axilthemes.com/demo/template/blogar/post-format-video.html]
[new.axilthemes.com/demo/template/blogar/post-format-gallery.html]
[new.axilthemes.com/demo/template/blogar/post-format-text.html]
[new.axilthemes.com/demo/template/blogar/post-layout-1.html]
[new.axilthemes.com/demo/template/blogar/post-layout-2.html]
[new.axilthemes.com/demo/template/blogar/post-layout-3.html]
[new.axilthemes.com/demo/template/blogar/post-layout-4.html]
[new.axilthemes.com/demo/template/blogar/post-layout-5.html]
[new.axilthemes.com/demo/template/blogar/post-details.html]
[new.axilthemes.com/demo/template/blogar/assets/images/others/mega-post-01.jpg]
[new.axilthemes.com/demo/template/blogar/assets/images/others/mega-post-02.jpg]
[new.axilthemes.com/demo/template/blogar/assets/images/others/mega-post-03.jpg]
[new.axilthemes.com/demo/template/blogar/assets/images/others/mega-post-04.jpg]
[new.axilthemes.com/demo/template/blogar/post-list.html]
[new.axilthemes.com/demo/template/blogar/archive.html]
[new.axilthemes.com/demo/template/blogar/author.html]
[new.axilthemes.com/demo/template/blogar/about.html]
[new.axilthemes.com/demo/template/blogar/contact.html]
[new.axilthemes.com/demo/template/blogar/404.html]
[new.axilthemes.com/demo/template/blogar/privacy-policy.html]
[new.axilthemes.com/demo/template/blogar/assets/images/others/author.png]
[new.axilthemes.com/demo/template/blogar/assets/images/post-images/gallery-post-01.jpg]
[new.axilthemes.com/demo/template/blogar/assets/images/post-images/author/author-image-3.png]
[new.axilthemes.com/demo/template/blogar/assets/images/post-images/gallery-post-03.jpg]
[new.axilthemes.com/demo/template/blogar/assets/images/post-images/author/author-image-1.png]
[new.axilthemes.com/demo/template/blogar/assets/images/post-images/gallery-post-02.jpg]
[new.axilthemes.com/demo/template/blogar/assets/images/post-images/author/author-image-2.png]
[new.axilthemes.com/demo/template/blogar/assets/images/post-images/post-images-1.jpg]
[new.axilthemes.com/demo/template/blogar/assets/images/post-images/post-images-2.jpg]
[new.axilthemes.com/demo/template/blogar/assets/images/add-banner/banner-03.png]
[new.axilthemes.com/demo/template/blogar/assets/images/post-images/post-column-04.jpg]
[new.axilthemes.com/demo/template/blogar/assets/images/post-images/post-column-05.jpg]
[new.axilthemes.com/demo/template/blogar/assets/images/post-images/post-column-06.jpg]
[new.axilthemes.com/demo/template/blogar/assets/images/post-images/post-column-07.jpg]
[new.axilthemes.com/demo/template/blogar/assets/images/post-images/post-column-08.jpg]
[new.axilthemes.com/demo/template/blogar/assets/images/post-images/post-column-01.jpg]
[new.axilthemes.com/demo/template/blogar/assets/images/post-images/post-column-02.jpg]
[new.axilthemes.com/demo/template/blogar/assets/images/post-images/post-column-03.jpg]
[new.axilthemes.com/demo/template/blogar/assets/images/post-images/post-sm-01.jpg]
[new.axilthemes.com/demo/template/blogar/assets/images/post-images/post-sm-02.jpg]
[new.axilthemes.com/demo/template/blogar/assets/images/post-images/post-sm-03.jpg]
[new.axilthemes.com/demo/template/blogar/assets/images/post-images/post-sm-04.jpg]
[new.axilthemes.com/demo/template/blogar/assets/images/post-images/post-sm-05.jpg]
[new.axilthemes.com/demo/template/blogar/assets/images/post-images/post-sm-06.jpg]
[new.axilthemes.com/demo/template/blogar/assets/images/post-images/trend-post-01.jpg]
[new.axilthemes.com/demo/template/blogar/assets/images/post-images/trend-post-02.jpg]
[new.axilthemes.com/demo/template/blogar/assets/images/post-images/trend-post-03.jpg]
[new.axilthemes.com/demo/template/blogar/assets/images/post-images/trend-post-04.jpg]
[new.axilthemes.com/demo/template/blogar/assets/images/post-images/post-grid-01.jpg]
[new.axilthemes.com/demo/template/blogar/assets/images/post-images/post-grid-07.jpg]
[new.axilthemes.com/demo/template/blogar/assets/images/post-images/post-grid-08.jpg]
[new.axilthemes.com/demo/template/blogar/assets/images/post-images/post-grid-09.jpg]
[new.axilthemes.com/demo/template/blogar/assets/images/post-images/post-grid-02.jpg]
[new.axilthemes.com/demo/template/blogar/assets/images/post-images/post-grid-03.jpg]
[new.axilthemes.com/demo/template/blogar/assets/images/add-banner/banner-01.png]
[new.axilthemes.com/demo/template/blogar/assets/images/post-images/post-list-11.jpg]
[new.axilthemes.com/demo/template/blogar/assets/images/post-images/post-list-12.jpg]
[new.axilthemes.com/demo/template/blogar/assets/images/post-images/post-list-15.jpg]
[new.axilthemes.com/demo/template/blogar/assets/images/post-images/post-list-13.jpg]
[new.axilthemes.com/demo/template/blogar/assets/images/post-images/post-list-14.jpg]
[new.axilthemes.com/demo/template/blogar/assets/images/post-images/category-image-01.jpg]
[new.axilthemes.com/demo/template/blogar/assets/images/post-images/category-image-02.jpg]
[new.axilthemes.com/demo/template/blogar/assets/images/post-images/category-image-03.jpg]
[new.axilthemes.com/demo/template/blogar/assets/images/post-images/category-image-04.jpg]
[new.axilthemes.com/demo/template/blogar/assets/images/small-images/blog-sm-01.jpg]
[new.axilthemes.com/demo/template/blogar/assets/images/small-images/blog-sm-02.jpg]
[new.axilthemes.com/demo/template/blogar/assets/images/small-images/blog-sm-03.jpg]
[new.axilthemes.com/demo/template/blogar/assets/images/small-images/instagram-01.jpg]
[new.axilthemes.com/demo/template/blogar/assets/images/small-images/instagram-02.jpg]
[new.axilthemes.com/demo/template/blogar/assets/images/small-images/instagram-03.jpg]
[new.axilthemes.com/demo/template/blogar/assets/images/small-images/instagram-04.jpg]
[new.axilthemes.com/demo/template/blogar/assets/images/small-images/instagram-05.jpg]
[new.axilthemes.com/demo/template/blogar/assets/images/small-images/instagram-06.jpg]
[new.axilthemes.com/demo/template/blogar/assets/images/post-images/post-dark-01.jpg]
[new.axilthemes.com/demo/template/blogar/assets/images/post-images/post-dark-04.jpg]
[new.axilthemes.com/demo/template/blogar/assets/images/post-images/post-dark-03.jpg]
[new.axilthemes.com/demo/template/blogar/assets/images/post-images/post-dark-05.jpg]
[new.axilthemes.com/demo/template/blogar/assets/images/small-images/instagram-md-01.jpg]
[new.axilthemes.com/demo/template/blogar/assets/images/small-images/instagram-md-02.jpg]
[new.axilthemes.com/demo/template/blogar/assets/images/small-images/instagram-md-03.jpg]
[new.axilthemes.com/demo/template/blogar/assets/images/small-images/instagram-md-04.jpg]
[new.axilthemes.com/demo/template/blogar/assets/images/small-images/instagram-md-05.jpg]
[new.axilthemes.com/demo/template/blogar/assets/images/small-images/instagram-md-06.jpg]
[new.axilthemes.com/demo/template/blogar/assets/js/vendor/modernizr.min.js]
[new.axilthemes.com/demo/template/blogar/assets/js/vendor/jquery.js]
[new.axilthemes.com/demo/template/blogar/assets/js/vendor/bootstrap.min.js]
[new.axilthemes.com/demo/template/blogar/assets/js/vendor/slick.min.js]
[new.axilthemes.com/demo/template/blogar/assets/js/vendor/tweenmax.min.js]
[new.axilthemes.com/demo/template/blogar/assets/js/vendor/js.cookie.js]
[new.axilthemes.com/demo/template/blogar/assets/js/vendor/jquery.style.switcher.js]
[new.axilthemes.com/demo/template/blogar/index.html]
[new.axilthemes.com/demo/template/blogar/assets/css/vendor/bootstrap.min.css]
[new.axilthemes.com/demo/template/blogar/assets/js/main.js]
[new.axilthemes.com/demo/template/blogar/assets/fonts/fa-brands-400.eot]
[new.axilthemes.com/demo/template/blogar/assets/fonts/fa-brands-400d41d.eot]
[new.axilthemes.com/demo/template/blogar/assets/fonts/fa-brands-400.woff2]
[new.axilthemes.com/demo/template/blogar/assets/fonts/fa-brands-400.woff]
[new.axilthemes.com/demo/template/blogar/assets/fonts/fa-brands-400.ttf]
[new.axilthemes.com/demo/template/blogar/assets/fonts/fa-duotone-900.eot]
[new.axilthemes.com/demo/template/blogar/assets/fonts/fa-duotone-900d41d.eot]
[new.axilthemes.com/demo/template/blogar/assets/fonts/fa-duotone-900.woff2]
[new.axilthemes.com/demo/template/blogar/assets/fonts/fa-duotone-900.woff]
[new.axilthemes.com/demo/template/blogar/assets/fonts/fa-duotone-900.ttf]
[new.axilthemes.com/demo/template/blogar/assets/fonts/fa-light-300.eot]
[new.axilthemes.com/demo/template/blogar/assets/fonts/fa-light-300d41d.eot]
[new.axilthemes.com/demo/template/blogar/assets/fonts/fa-light-300.woff2]
[new.axilthemes.com/demo/template/blogar/assets/fonts/fa-light-300.woff]
[new.axilthemes.com/demo/template/blogar/assets/fonts/fa-light-300.ttf]
[new.axilthemes.com/demo/template/blogar/assets/fonts/fa-regular-400.eot]
[new.axilthemes.com/demo/template/blogar/assets/fonts/fa-regular-400d41d.eot]
[new.axilthemes.com/demo/template/blogar/assets/fonts/fa-regular-400.woff2]
[new.axilthemes.com/demo/template/blogar/assets/fonts/fa-regular-400.woff]
[new.axilthemes.com/demo/template/blogar/assets/fonts/fa-regular-400.ttf]
[new.axilthemes.com/demo/template/blogar/assets/fonts/fa-solid-900.eot]
[new.axilthemes.com/demo/template/blogar/assets/fonts/fa-solid-900d41d.eot]
[new.axilthemes.com/demo/template/blogar/assets/fonts/fa-solid-900.woff2]
[new.axilthemes.com/demo/template/blogar/assets/fonts/fa-solid-900.woff]
[new.axilthemes.com/demo/template/blogar/assets/fonts/fa-solid-900.ttf]
[new.axilthemes.com/demo/template/blogar/assets/css/vendor/font-awesome.css]
[new.axilthemes.com/demo/template/blogar/assets/css/vendor/slick.css]
[new.axilthemes.com/demo/template/blogar/assets/images/ajax-loader.gif]
[new.axilthemes.com/demo/template/blogar/assets/fonts/slick.eot]
[new.axilthemes.com/demo/template/blogar/assets/fonts/slickd41d.eot]
[new.axilthemes.com/demo/template/blogar/assets/fonts/slick.woff]
[new.axilthemes.com/demo/template/blogar/assets/fonts/slick.ttf]
[new.axilthemes.com/demo/template/blogar/assets/css/vendor/slick-theme.css]
[new.axilthemes.com/demo/template/blogar/assets/css/vendor/base.css]
[new.axilthemes.com/demo/template/blogar/assets/css/plugins/plugins.css]
[new.axilthemes.com/demo/template/blogar/assets/images/bg/bg-image-1.jpg]
[new.axilthemes.com/demo/template/blogar/assets/images/bg/bg-image-2.jpg]
[new.axilthemes.com/demo/template/blogar/assets/images/bg/bg-image-3.jpg]
[new.axilthemes.com/demo/template/blogar/assets/images/bg/bg-image-4.jpg]
[new.axilthemes.com/demo/template/blogar/assets/images/icons/arrow-icon.png]
[new.axilthemes.com/demo/template/blogar/assets/images/icons/light-close.png]
[new.axilthemes.com/demo/template/blogar/assets/images/icons/shape-01.png]
[new.axilthemes.com/demo/template/blogar/assets/images/icons/shape-02.png]
[new.axilthemes.com/demo/template/blogar/assets/css/style.css]
[new.axilthemes.com/demo/template/blogar/index-2.html]
[new.axilthemes.com/demo/template/blogar/assets/images/logo/logo-white.png]
[new.axilthemes.com/demo/template/blogar/assets/images/small-images/blog-sm-04.jpg]
[new.axilthemes.com/demo/template/blogar/assets/images/banner/post-hover-image-01.jpg]
[new.axilthemes.com/demo/template/blogar/assets/images/banner/post-hover-image-02.jpg]
[new.axilthemes.com/demo/template/blogar/assets/images/banner/post-hover-image-03.jpg]
[new.axilthemes.com/demo/template/blogar/assets/images/small-images/blog-sm-10.jpg]
[new.axilthemes.com/demo/template/blogar/assets/images/small-images/blog-sm-05.jpg]
[new.axilthemes.com/demo/template/blogar/assets/images/small-images/blog-sm-09.jpg]
[new.axilthemes.com/demo/template/blogar/assets/images/small-images/blog-sm-08.jpg]
[new.axilthemes.com/demo/template/blogar/assets/images/small-images/blog-sm-07.jpg]
[new.axilthemes.com/demo/template/blogar/assets/images/small-images/blog-sm-06.jpg]
[new.axilthemes.com/demo/template/blogar/assets/images/post-images/post-column-09.jpg]
[new.axilthemes.com/demo/template/blogar/assets/images/post-images/post-grid-05.jpg]
[new.axilthemes.com/demo/template/blogar/assets/images/post-images/post-grid-06.jpg]
[new.axilthemes.com/demo/template/blogar/assets/images/post-images/post-list-01.jpg]
[new.axilthemes.com/demo/template/blogar/assets/images/post-images/post-list-02.jpg]
[new.axilthemes.com/demo/template/blogar/assets/images/post-images/post-list-03.jpg]
[new.axilthemes.com/demo/template/blogar/assets/images/post-images/post-list-04.jpg]
[new.axilthemes.com/demo/template/blogar/assets/images/post-images/post-list-05.jpg]
[new.axilthemes.com/demo/template/blogar/home-creative-blog.html]
[new.axilthemes.com/demo/template/blogar/assets/images/post-images/post-seo-grid-01.jpg]
[new.axilthemes.com/demo/template/blogar/assets/images/post-images/post-seo-sm-01.jpg]
[new.axilthemes.com/demo/template/blogar/assets/images/post-images/post-seo-sm-02.jpg]
[new.axilthemes.com/demo/template/blogar/assets/images/post-images/post-seo-sm-03.jpg]
[new.axilthemes.com/demo/template/blogar/assets/images/post-images/post-seo-sm-04.jpg]
[new.axilthemes.com/demo/template/blogar/assets/images/post-images/post-column-10.jpg]
[new.axilthemes.com/demo/template/blogar/assets/images/post-images/post-column-11.jpg]
[new.axilthemes.com/demo/template/blogar/assets/images/post-images/post-grid-10.jpg]
[new.axilthemes.com/demo/template/blogar/assets/images/post-images/post-grid-11.jpg]
[new.axilthemes.com/demo/template/blogar/assets/images/post-images/post-grid-12.jpg]
[new.axilthemes.com/demo/template/blogar/assets/images/small-images/post-seo-list-01.jpg]
[new.axilthemes.com/demo/template/blogar/assets/images/small-images/post-seo-list-02.jpg]
[new.axilthemes.com/demo/template/blogar/assets/images/small-images/post-seo-list-03.jpg]
[new.axilthemes.com/demo/template/blogar/assets/images/small-images/post-seo-list-05.jpg]
[new.axilthemes.com/demo/template/blogar/assets/images/small-images/instagram-md-07.jpg]
[new.axilthemes.com/demo/template/blogar/assets/images/small-images/instagram-md-08.jpg]
[new.axilthemes.com/demo/template/blogar/assets/images/small-images/instagram-md-09.jpg]
[new.axilthemes.com/demo/template/blogar/assets/images/small-images/instagram-md-10.jpg]
[new.axilthemes.com/demo/template/blogar/assets/images/small-images/instagram-md-11.jpg]
[new.axilthemes.com/demo/template/blogar/home-seo-blog.html]
[new.axilthemes.com/demo/template/blogar/assets/images/others/add-01.png]
[new.axilthemes.com/demo/template/blogar/assets/images/post-images/post-tect-01.jpg]
[new.axilthemes.com/demo/template/blogar/assets/images/post-images/post-tect-02.jpg]
[new.axilthemes.com/demo/template/blogar/assets/images/post-images/post-tect-03.jpg]
[new.axilthemes.com/demo/template/blogar/assets/images/post-images/post-tect-04.jpg]
[new.axilthemes.com/demo/template/blogar/assets/images/post-images/post-tect-05.jpg]
[new.axilthemes.com/demo/template/blogar/assets/images/post-images/post-tech-07.jpg]
[new.axilthemes.com/demo/template/blogar/assets/images/post-images/post-tech-09.jpg]
[new.axilthemes.com/demo/template/blogar/assets/images/post-images/post-tech-08.jpg]
[new.axilthemes.com/demo/template/blogar/assets/images/post-images/post-tech-10.jpg]
[new.axilthemes.com/demo/template/blogar/assets/images/post-images/post-tech-06.jpg]
[new.axilthemes.com/demo/template/blogar/assets/images/post-images/post-test-tech-01.jpg]
[new.axilthemes.com/demo/template/blogar/assets/images/post-images/post-test-tech-02.jpg]
[new.axilthemes.com/demo/template/blogar/assets/images/post-images/post-test-tech-03.jpg]
[new.axilthemes.com/demo/template/blogar/assets/images/post-images/post-test-tech-04.jpg]
[new.axilthemes.com/demo/template/blogar/assets/images/post-images/post-test-tech-05.jpg]
[new.axilthemes.com/demo/template/blogar/assets/images/post-single/featured-post-01.jpg]
[new.axilthemes.com/demo/template/blogar/assets/images/post-single/featured-post-02.jpg]
[new.axilthemes.com/demo/template/blogar/assets/images/post-images/post-tech-11.jpg]
[new.axilthemes.com/demo/template/blogar/assets/images/post-images/post-tech-12.jpg]
[new.axilthemes.com/demo/template/blogar/assets/images/post-images/post-tech-13.jpg]
[new.axilthemes.com/demo/template/blogar/assets/images/post-images/post-tech-14.jpg]
[new.axilthemes.com/demo/template/blogar/assets/images/post-single/post-md-01.jpg]
[new.axilthemes.com/demo/template/blogar/assets/images/post-single/post-md-02.jpg]
[new.axilthemes.com/demo/template/blogar/assets/images/post-single/post-md-03.jpg]
[new.axilthemes.com/demo/template/blogar/home-tech-blog.html]
[new.axilthemes.com/demo/template/blogar/assets/images/post-images/lifestyle-post-01.jpg]
[new.axilthemes.com/demo/template/blogar/assets/images/post-images/lifestyle-post-03.jpg]
[new.axilthemes.com/demo/template/blogar/assets/images/post-images/lifestyle-post-04.jpg]
[new.axilthemes.com/demo/template/blogar/assets/images/post-images/lifestyle-post-05.jpg]
[new.axilthemes.com/demo/template/blogar/assets/images/post-images/lifestyle-post-02.jpg]
[new.axilthemes.com/demo/template/blogar/assets/images/small-images/liststyle-sm-01.jpg]
[new.axilthemes.com/demo/template/blogar/assets/images/small-images/liststyle-sm-02.jpg]
[new.axilthemes.com/demo/template/blogar/assets/images/small-images/liststyle-sm-03.jpg]
[new.axilthemes.com/demo/template/blogar/assets/images/post-images/lifestyle-post-06.jpg]
[new.axilthemes.com/demo/template/blogar/assets/images/post-images/lifestyle-grid-01.jpg]
[new.axilthemes.com/demo/template/blogar/assets/images/post-images/lifestyle-grid-02.jpg]
[new.axilthemes.com/demo/template/blogar/assets/images/post-images/lifestyle-grid-03.jpg]
[new.axilthemes.com/demo/template/blogar/assets/images/post-images/post-list-06.jpg]
[new.axilthemes.com/demo/template/blogar/assets/images/post-images/post-list-07.jpg]
[new.axilthemes.com/demo/template/blogar/assets/images/post-images/post-list-08.jpg]
[new.axilthemes.com/demo/template/blogar/assets/images/post-images/post-list-09.jpg]
[new.axilthemes.com/demo/template/blogar/home-lifestyle-blog.html]
[new.axilthemes.com/demo/template/blogar/assets/images/post-single/post-single-01.jpg]
[new.axilthemes.com/demo/template/blogar/assets/images/post-single/post-single-02.jpg]
[new.axilthemes.com/demo/template/blogar/assets/images/post-single/post-single-03.jpg]
[new.axilthemes.com/demo/template/blogar/assets/images/post-single/post-single-04.jpg]
[new.axilthemes.com/demo/template/blogar/assets/images/post-images/author/author-b1.png]
[new.axilthemes.com/demo/template/blogar/assets/images/post-images/author/author-b2.png]
[new.axilthemes.com/demo/template/blogar/assets/images/post-images/author/author-b3.png]
[new.axilthemes.com/demo/template/blogar/assets/images/post-single/ads-01.jpg]
[new.axilthemes.com/demo/template/blogar/assets/images/add-banner/banner-02.png]
[new.axilthemes.com/demo/template/blogar/assets/images/post-single/stories-01.jpg]
[new.axilthemes.com/demo/template/blogar/assets/images/post-single/stories-02.jpg]
[new.axilthemes.com/demo/template/blogar/assets/images/post-single/stories-03.jpg]
[new.axilthemes.com/demo/template/blogar/assets/images/post-single/stories-04.jpg]
[new.axilthemes.com/demo/template/blogar/post-format-standard.html]
[new.axilthemes.com/demo/template/blogar/post-format-video.html]
[new.axilthemes.com/demo/template/blogar/assets/images/post-single/post-single-05.jpg]
[new.axilthemes.com/demo/template/blogar/post-format-gallery.html]
[new.axilthemes.com/demo/template/blogar/post-format-text.html]
[new.axilthemes.com/demo/template/blogar/assets/images/post-single/post-single-06.jpg]
[new.axilthemes.com/demo/template/blogar/post-layout-1.html]
[new.axilthemes.com/demo/template/blogar/post-layout-2.html]
[new.axilthemes.com/demo/template/blogar/post-layout-3.html]
[new.axilthemes.com/demo/template/blogar/post-layout-4.html]
[new.axilthemes.com/demo/template/blogar/post-layout-5.html]
[new.axilthemes.com/demo/template/blogar/post-details.html]
[new.axilthemes.com/demo/template/blogar/post-list.html]
[new.axilthemes.com/demo/template/blogar/archive.html]
[new.axilthemes.com/demo/template/blogar/author.html]
[new.axilthemes.com/demo/template/blogar/about.html]
[new.axilthemes.com/demo/template/blogar/contact.html]
[new.axilthemes.com/demo/template/blogar/assets/images/others/404.png]
[new.axilthemes.com/demo/template/blogar/404.html]
[new.axilthemes.com/demo/template/blogar/assets/images/others/maintenence.png]
[new.axilthemes.com/demo/template/blogar/maintenance.html]
[new.axilthemes.com/demo/template/blogar/privacy-policy.html]
[new.axilthemes.com/demo/template/blogar/assets/fonts/fa-brands-400.svg]
[new.axilthemes.com/demo/template/blogar/assets/fonts/fa-duotone-900.svg]
[new.axilthemes.com/demo/template/blogar/assets/fonts/fa-light-300.svg]
[new.axilthemes.com/demo/template/blogar/assets/fonts/fa-regular-400.svg]
[new.axilthemes.com/demo/template/blogar/assets/fonts/fa-solid-900.svg]
[new.axilthemes.com/demo/template/blogar/assets/fonts/slick.svg]
